[32mCreating model: ('PP-LCNet_x1_0_doc_ori', None)[0m
[32mModel files already exist. Using cached files. To redownload, please delete the directory manually: `C:\Users\Fabian Trunz\.paddlex\official_models\PP-LCNet_x1_0_doc_ori`.[0m
INFORMATION: Es konnten keine Dateien mit dem angegebenen
Muster gefunden werden.
C:\Users\Fabian Trunz\AppData\Local\Programs\Python\Python312\Lib\site-packages\paddle\utils\cpp_extension\extension_utils.py:717: UserWarning: No ccache found. Please be aware that recompiling all source files may be required. You can download and install ccache from: https://github.com/ccache/ccache/blob/master/doc/INSTALL.md
  warnings.warn(warning_message)
[32mCreating model: ('UVDoc', None)[0m
[32mModel files already exist. Using cached files. To redownload, please delete the directory manually: `C:\Users\Fabian Trunz\.paddlex\official_models\UVDoc`.[0m
[32mCreating model: ('PP-LCNet_x1_0_textline_ori', None)[0m
[32mModel files already exist. Using cached files. To redownload, please delete the directory manually: `C:\Users\Fabian Trunz\.paddlex\official_models\PP-LCNet_x1_0_textline_ori`.[0m
[32mCreating model: ('PP-OCRv4_mobile_det', None)[0m
[32mModel files already exist. Using cached files. To redownload, please delete the directory manually: `C:\Users\Fabian Trunz\.paddlex\official_models\PP-OCRv4_mobile_det`.[0m
[32mCreating model: ('PP-OCRv4_mobile_rec', None)[0m
[32mModel files already exist. Using cached files. To redownload, please delete the directory manually: `C:\Users\Fabian Trunz\.paddlex\official_models\PP-OCRv4_mobile_rec`.[0m
[33mResized image size (4672x6224) exceeds max_side_limit of 4000. Resizing to fit within limit.[0m
[33mResized image size (4672x6224) exceeds max_side_limit of 4000. Resizing to fit within limit.[0m
[33mResized image size (4672x6224) exceeds max_side_limit of 4000. Resizing to fit within limit.[0m
[33mResized image size (4672x6224) exceeds max_side_limit of 4000. Resizing to fit within limit.[0m
[33mResized image size (4672x6224) exceeds max_side_limit of 4000. Resizing to fit within limit.[0m
[33mResized image size (4672x6224) exceeds max_side_limit of 4000. Resizing to fit within limit.[0m
[33mResized image size (4672x6224) exceeds max_side_limit of 4000. Resizing to fit within limit.[0m
[33mResized image size (4672x6224) exceeds max_side_limit of 4000. Resizing to fit within limit.[0m
[33mResized image size (4672x6224) exceeds max_side_limit of 4000. Resizing to fit within limit.[0m
[33mResized image size (4672x6224) exceeds max_side_limit of 4000. Resizing to fit within limit.[0m
[33mResized image size (4672x6224) exceeds max_side_limit of 4000. Resizing to fit within limit.[0m
[33mResized image size (4672x6224) exceeds max_side_limit of 4000. Resizing to fit within limit.[0m
[33mResized image size (4672x6224) exceeds max_side_limit of 4000. Resizing to fit within limit.[0m
[33mResized image size (4672x6224) exceeds max_side_limit of 4000. Resizing to fit within limit.[0m
[33mResized image size (4672x6224) exceeds max_side_limit of 4000. Resizing to fit within limit.[0m
[33mResized image size (4672x6224) exceeds max_side_limit of 4000. Resizing to fit within limit.[0m
[33mResized image size (4672x6224) exceeds max_side_limit of 4000. Resizing to fit within limit.[0m
